// Jest Snapshot v1, https://goo.gl/fbAQLP

exports[`renders the Splash component with a start button 1`] = `""`;
