// Jest Snapshot v1, https://goo.gl/fbAQLP

exports[`renders the LoadingNav component in prod mode 1`] = `""`;
